[   0.000000] Linux version 4.150-45-gneic (build@lgw01-amd64-031) (gcc version 7.3.0 (Ubuntu 7.3.0-16ubuntu3)) #48-Ubuntu SMP Tue Jan 29 16:28:3 UTC 019 (Ubuntu 4.15.0-45.48-generic 4.15.18)
[    0.000000] Command line: BOOT_IMAGE=/boot/vmlinuz-4.15.0-45-generic root=UUID=af1a459d-5029-4583-bf7a-f69ffeff945b ro console=tty1 consoe=ttyS0
[   0.000000] KERNEL supported cpus:
[    0.000000]   Intel GenuineIntel
[    0.000000]   AMD AuthenticAMD
[    0.000000]   Centaur CentaurHals
   0.00000 x86/fpu: Supporting XSAVE featur 0001: 'x87 floating point registers'
[    0.000000] x86/fpu: Supporting XSAVE feature 0x002: 'SSE registers'
[  0.00000] x8/fpuSupportig SAVE feature 0x004: 'AVX rgisters'
[    0.000000] x86/fpu: xstate_offset[2]:  576, xstate_sizes[2]:  256
[    0.000000] x86/fu:Enabed xstate features 0x7, context size is 832 bytes, using 'standard' format.
[    0.000000] e820: BIOS-provided physical RAM map:
[    0.000000] BIOS-e820: [mem 0x0000000000000000-0x000000000009fbff] usable
[    0.000000] BIOS-e820: [mem 0x000000000009fc00-0x000000000009ffff] resered
    0.000000] BIOS-e820: [mem 000000000000f0000-0x00000000000fffff] reserved
[    0.000000] BIOS-e820: [mem 0x0000000000100000-0x000000003ffeffff] usable
[    0.000000] BIOS-e820: [mem 0x000000003fff000-0x000000003fffffff] ACPI data
[    0.000000] BIOS-e820: [mem 0x00000000fec00000-0x00000000fec00fff] reserved
[    0.000000] BIOS-e820: [mem 0x0000000fee00000-0x00000000fee00fff] reserved
[   0.000000] BIOS-e820: [me 0x00000000fffc0000-0x00000000ffffffff] reserved
[   0.000000] NX (Execute Disable) protection: active
[    0.000000] SMBIOS 2.5 present.
[    0.000000] DMI: innotek GmbH VirtualBox/VirtualBox, BIOS VirtualBox 12/01/2006
    0.000000] Hypervisor detected: KVM
[    0.000000] e820: last_pfn = 0x3fff0 max_arch_pfn = 0x400000000
[    0.000000] MTRR: Disabled
[    0.000000] x86/PAT: MTRRs disabled, skipping PAT initialization too.
[    0.000000] CPU MTRsll blank virtualized system.
[    .000000] x6/PAT: Configuration [0-7]: WB  WT  UC U  WB  WT U- UC  
[    0.000000] foud SMP MP-tabl a [mem 0x0009fff0-0x0009ffff] mape at [       (ptval)]
[    000000] Scaning 1 areas for low memory corrupion
[    0.000000] RADISK: mem 0x59d3000-0x36ce0fff
[    0.000000] ACPI: Early table checksm verification disabled
[    0.00000] CPI: RSDP 0x000000000E0000 000024 (v02 VBOX  )
[    0.000000] ACPI: XSDT 0x000000003FFF0030 00003C (v01 VBOX   VBOXXSDT 00000001 ASL  00000061)
[    0.000000] ACPI: FACP 0x000000003FFF00F0 0000F4(v0VBOX   VBOXFACP 00000001 ASL  00000061)
[    0.000000] ACPI: DSDT 0x0000000003FFF0470 0021FF (v02 VBOX   VBOXBIOS 00000002 INTL 20180105)
[    0.000000] ACPI: FACS 0x000000003FFF0200 000040
[    0.000000] ACPI: FACS 0x000000003FFF0200 000040
[    0.000000] ACPI: APIC 0x000000003FFF0240 00005C (v02 VBOX   VBOXAPIC 00000001 ASL  00000061)
[    0.000000] ACPI: SSDT 0x000000003FFF02A0 0001CC (v01 VBOX   VBOXCPUT 00000002 INTL 20180105)
[    0.000000] No NUMA configuration found
[    0.000000] Faking a node at [mem 0x0000000000000000-0x000000003ffeffff]
[    0.000000] NODE_DATA(0) allocated [mem 0x3ffc5000-0x3ffeffff]
[    0.000000] kvm-clock: cpu 0, msr 0:3ff44001, primary cpu clock
[    0.000000] kvm-clock: Using msrs 4b564d01 and 4b564d00
[    0.000000] kvm-clock: using sched offset of 4763062832 cycles
[    0.000000] clocksource: kvm-clock: mask: 0xffffffffffffffff max_cycles: 0x1cd42e4dffb, max_idle_ns: 881590591483 ns
[    0.000000] Zone ranges:
[    0.000000]   DMA      [mem 0x0000000000001000-0x0000000000ffffff]
[    0.000000]   DMA32    [mem 0x0000000001000000-0x000000003ffeffff]
[    0.000000]   Normal   empty
[    0.000000]   Device   empty
[    0.000000] Movable zone start for each node
[    0.000000] Early memory node ranges
[    0.000000]   node   0: [mem 0x0000000000001000-0x000000000009efff]
[    0.000000]   node   0: [mem 0x0000000000100000-0x000000003ffeffff]
[    0.000000] Reserved but unavailable: 114 pages
[    0.000000] Initmem setup node 0 [mem 0x0000000000001000-0x000000003ffeffff]
[    0.000000] ACPI: PM-Timer IO Port: 0x4008
[    0.000000] IOAPIC[0]: apic_id 2, version 32, address 0xfec00000, GSI 0-23
[    0.000000] ACPI: INT_SRC_OVR (bus 0 bus_irq 0 global_irq 2 dfl dfl)
[    0.000000]ACPI: INT_SRC_OVR (bus 0 bus_irq 9 global_irq 9 low level)
[  0.000000] Using ACPI (MADT) for SMP configuration information
[    0.000000] smpboot: Allowing 2 CPUs, 0 hotplug CPUs
[    0.000000] PM: Registered nosave memory: [mem 0x00000000-0x00000fff]
[    0.000000] PM: Registered nosave memory: [mem 0x0009f000-0x0009ffff]
[    0.000000] PM: Registered nosave memory: [mem 0x000a0000-0x000effff]
[    0.000000] PM: Registered nosave memory: [mem 0x000f0000-0x000fffff]
[    0.000000] e820: [mem 0x40000000-0xfebfffff] available for PCI devices
[    0.000000] Booting paravirtualized kernel on KVM
[    0.000000] clocksource: refined-jiffies: mask: 0xffffffff max_cycles: 0xffffffff, max_idle_ns: 7645519600211568 ns
[    0.000000] random: get_random_bytes called from start_kernel+0x99/0x4fd with crng_init=0
[    0.000000] setup_percpu: NR_CPUS:8192 nr_cpumask_bits:2 nr_cpu_ids:2 nr_node_ids:1
[    0.000000] percpu: Embedded 46 pages/cpu @        (ptrval) s151552 r8192 d28672 u1048576
[    0.000000] PV qspinlock hash table entries: 256 (order: 0, 4096 bytes)
[    0.000000] Built 1 zonelists, mobility grouping on.  Total pages: 257913
[    0.000000] Policy zone: DMA32
[    0.000000] Kernel command line: BOOT_IMAGE=/boot/vmlinuz-4.15.0-45-generic root=UUID=af1a459d-5029-4583-bf7a-f69ffeff945b ro console=tty1 console=ttyS0
[    0.000000] Memory: 983072K/1048120K available (12300K kernel code, 2473K rwdata, 4252K rodata, 2408K init, 2416K bss, 65048K reserved, 0K cma-reserved)
[    0.000000] SLUB: HWalign=64, Order=0-3, MinObjects=0, CPUs=2, Nodes=1
[    0.000000] ftrace: allocating 39194 entries in 154 pages
[    0.004000] Hierarchical RCU implementation.
[    0.004000] 	RCU restricting CPUs from NR_CPUS=8192 to nr_cpu_ids=2.
[    0.004000] 	Tasks RCU enabled.
[    0.004000] RCU: Adjusting geometry for rcu_fanout_leaf=16, nr_cpu_ids=2
[    0.004000] NR_IRQS: 524544, nr_irqs: 440, preallocated irqs: 16
[    0.004000] Console: colour VGA+ 80x25
[    0.004000] console [tty1] enabled
[    0.004000] console [ttyS0] enabled
[    0.004000] ACPI: Core revision 20170831
[    0.004000] ACPI: 2 ACPI AML tables successfully acquired and loaded
[    0.004000] APIC: Switch to symmetric I/O mode setup
[    0.004365] x2apic enabled
[    0.008015] Switched APIC routing to physical x2apic.
[    0.016782] ..TIMER: vector=0x30 apic1=0 pin1=2 apic2=-1 pin2=-1
[    0.020014] tsc: Detected 2994.378 MHz processor
[    0.024022] tsc: Marking TSC unstable due to TSCs unsynchronized
[    0.028019] Calibrating delay loop (skipped) preset value.. 5988.75 BogoMIPS (lpj=11977512)
[    0.032022] pid_max: default: 32768 minimum: 301
[    0.036145] Security Framework initialized
[    0.040047] Yama: becoming mindful.
[    0.044074] AppArmor: AppArmor initialized
[    0.048123] Dentry cache hash table entries: 131072 (order: 8, 1048576 bytes)
[    0.052170] Inode-cache hash table entries: 65536 (order: 7, 524288 bytes)
[    0.056062] Mount-cache hash table entries: 2048 (order: 2, 16384 bytes)
[    0.060032] Mountpoint-cache hash table entries: 2048 (order: 2, 16384 bytes)
[    0.064423] mce: CPU supports 0 MCE banks
[    0.068045] Last level iTLB entries: 4KB 512, 2MB 1024, 4MB 512
[    0.072015] Last level dTLB entries: 4KB 1024, 2MB 1024, 4MB 512, 1GB 0
[    0.076023] Spectre V2 : Spectre mitigation: LFENCE not serializing, switching to generic retpoline
[    0.080015] Spectre V2 : Mitigation: Full generic retpoline
[    0.084010] Spectre V2 : Spectre v2 / SpectreRSB mitigation: Filling RSB on context switch
[    0.088014] Speculative Store Bypass: Mitigation: Speculative Store Bypass disabled via prctl and seccomp
[    0.096025] Freeing SMP alternatives memory: 36K
[    0.108000] APIC calibration not consistent with PM-Timer: 104ms instead of 100ms
[    0.108000] APIC delta adjusted to PM-Timer: 6249881 (6501603)
[    0.108234] smpboot: CPU0: AMD A9-9420 RADEON R5, 5 COMPUTE CORES 2C+3G (family: 0x15, model: 0x70, stepping: 0x0)
[    0.112253] Performance Events: PMU not available due to virtualization, using software events only.
[    0.116182] Hierarchical SRCU implementation.
[    0.120634] NMI watchdog: Perf event create on CPU 0 failed with -2
[    0.124024] NMI watchdog: Perf NMI watchdog permanently disabled
[    0.128363] smp: Bringing up secondary CPUs ...
[    0.132103] x86: Booting SMP configuration:
[    0.134014] .... node  #0, CPUs:      #1
[    0.004000] kvm-clock: cpu 1, msr 0:3ff44041, secondary cpu clock
[    0.004000] mce: CPU supports 0 MCE banks
[    0.144093] smp: Brought up 1 node, 2 CPUs
[    0.145913] smpboot: Max logical packages: 1
[    0.148044] smpboot: Total of 2 processors activated (11977.51 BogoMIPS)
[    0.156800] devtmpfs: initialized
[    0.158746] x86/mm: Memory block size: 128MB
[    0.160496] evm: security.selinux
[    0.164021] evm: security.SMACK64
[    0.165737] evm: security.SMACK64EXEC
[    0.167443] evm: security.SMACK64TRANSMUTE
[    0.168016] evm: security.SMACK64MMAP
[    0.169421] evm: security.apparmor
[    0.172022] evm: security.ima
[    0.176022] evm: security.capability
[    0.185070] clocksource: jiffies: mask: 0xffffffff max_cycles: 0xffffffff, max_idle_ns: 7645041785100000 ns
[    0.188041] futex hash table entries: 512 (order: 3, 32768 bytes)
[    0.192799] pinctrl core: initialized pinctrl subsystem
[    0.200528] RTC time: 15:13:29, date: 03/04/19
[    0.204839] NET: Registered protocol family 16
[    0.208239] audit: initializing netlink subsys (disabled)
[    0.212160] audit: type=2000 audit(1551712413.115:1): state=initialized audit_enabled=0 res=1
[    0.224338] cpuidle: using governor ladder
[    0.228011] cpuidle: using governor menu
[    0.228560] ACPI: bus type PCI registered
[    0.230740] acpiphp: ACPI Hot Plug PCI Controller Driver version: 0.5
[    0.232000] PCI: Using configuration type 1 for base access
[    0.232058] PCI: Using configuration type 1 for extended access
[    0.244042] HugeTLB registered 2.00 MiB page size, pre-allocated 0 pages
[    0.256260] ACPI: Added _OSI(Module Device)
[    0.258207] ACPI: Added _OSI(Processor Device)
[    0.260017] ACPI: Added _OSI(3.0 _SCP Extensions)
[    0.264013] ACPI: Added _OSI(Processor Aggregator Device)
[    0.266729] ACPI: Added _OSI(Linux-Dell-Video)
[    0.268022] ACPI: Added _OSI(Linux-Lenovo-NV-HDMI-Audio)
[    0.272021] ACPI: Added _OSI(Linux-HPI-Hybrid-Graphics)
[    0.275478] ACPI: Executed 1 blocks of module-level executable AML code
[    0.288806] ACPI: Interpreter enabled
[    0.290702] ACPI: (supports S0 S5)
[    0.292018] ACPI: Using IOAPIC for interrupt routing
[    0.296835] PCI: Using host bridge windows from ACPI; if necessary, use "pci=nocrs" and report a bug
[    0.300315] ACPI: Enabled 2 GPEs in block 00 to 07
[    0.317356] ACPI: PCI Root Bridge [PCI0] (domain 0000 [bus 00-ff])
[    0.320041] acpi PNP0A03:00: _OSC: OS supports [ExtendedConfig ASPM ClockPM Segments MSI]
[    0.324156] acpi PNP0A03:00: _OSC: OS now controls [PCIeHotplug PME AER PCIeCapability]
[    0.328617] PCI host bridge to bus 0000:00
[    0.330959] pci_bus 0000:00: root bus resource [io  0x0000-0x0cf7 window]
[    0.332020] pci_bus 0000:00: root bus resource [io  0x0d00-0xffff window]
[    0.336036] pci_bus 0000:00: root bus resource [mem 0x000a0000-0x000bffff window]
[    0.340018] pci_bus 0000:00: root bus resource [mem 0x40000000-0xfdffffff window]
[    0.344023] pci_bus 0000:00: root bus resource [bus 00-ff]
[    0.354635] pci 0000:00:01.1: legacy IDE quirk: reg 0x10: [io  0x01f0-0x01f7]
[    0.356026] pci 0000:00:01.1: legacy IDE quirk: reg 0x14: [io  0x03f6]
[    0.360018] pci 0000:00:01.1: legacy IDE quirk: reg 0x18: [io  0x0170-0x0177]
[    0.364021] pci 0000:00:01.1: legacy IDE quirk: reg 0x1c: [io  0x0376]
[    0.435202] pci 0000:00:07.0: quirk: [io  0x4000-0x403f] claimed by PIIX4 ACPI
[    0.436089] pci 0000:00:07.0: quirk: [io  0x4100-0x410f] claimed by PIIX4 SMB
[    0.458212] ACPI: PCI Interrupt Link [LNKA] (IRQs 5 9 10 *11)
[    0.461094] ACPI: PCI Interrupt Link [LNKB] (IRQs 5 9 *10 11)
[    0.464227] ACPI: PCI Interrupt Link [LNKC] (IRQs 5 *9 10 11)
[    0.472191] ACPI: PCI Interrupt Link [LNKD] (IRQs 5 9 10 *11)
[    0.473879] SCSI subsystem initialized
[    0.476101] pci 0000:00:02.0: vgaarb: setting as boot VGA device
[    0.480000] pci 0000:00:02.0: vgaarb: VGA device added: decodes=io+mem,owns=io+mem,locks=none
[    0.496018] pci 0000:00:02.0: vgaarb: bridge control possible
[    0.497050] vgaarb: loaded
[    0.497889] ACPI: bus type USB registered
[    0.504077] usbcore: registered new interface driver usbfs
[    0.512057] usbcore: registered new interface driver hub
[    0.528086] usbcore: registered new device driver usb
[    0.532139] EDAC MC: Ver: 3.0.0
[    0.533121] PCI: Using ACPI for IRQ routing
[    0.540411] NetLabel: Initializing
[    0.541344] NetLabel:  domain hash size = 128
[    0.542446] NetLabel:  protocols = UNLABELED CIPSOv4 CALIPSO
[    0.548028] NetLabel:  unlabeled traffic allowed by default
[    0.556126] clocksource: Switched to clocksource kvm-clock
[    0.591382] VFS: Disk quotas dquot_6.6.0
[    0.596411] VFS: Dquot-cache hash table entries: 512 (order 0, 4096 bytes)
[    0.600599] AppArmor: AppArmor Filesystem Enabled
[    0.612152] pnp: PnP ACPI init
[    0.616882] pnp: PnP ACPI: found 3 devices
[    0.631220] clocksource: acpi_pm: mask: 0xffffff max_cycles: 0xffffff, max_idle_ns: 2085701024 ns
[    0.645591] NET: Registered protocol family 2
[    0.650563] TCP established hash table entries: 8192 (order: 4, 65536 bytes)
[    0.660033] TCP bind hash table entries: 8192 (order: 5, 131072 bytes)
[    0.663820] TCP: Hash tables configured (established 8192 bind 8192)
[    0.668913] UDP hash table entries: 512 (order: 2, 16384 bytes)
[    0.673948] UDP-Lite hash table entries: 512 (order: 2, 16384 bytes)
[    0.683484] NET: Registered protocol family 1
[    0.685812] pci 0000:00:00.0: Limiting direct PCI/PCI transfers
[    0.700253] pci 0000:00:01.0: Activating ISA DMA hang workarounds
[    0.702849] pci 0000:00:02.0: Video device with shadowed ROM at [mem 0x000c0000-0x000dffff]
[    0.711787] Unpacking initramfs...
[    1.043058] Freeing initrd memory: 19512K
[    1.053127] clocksource: tsc: mask: 0xffffffffffffffff max_cycles: 0x2b2986a21ef, max_idle_ns: 440795289726 ns
[    1.056191] platform rtc_cmos: registered platform RTC device (no PNP device found)
[    1.056214] Scanning for low memory corruption every 60 seconds
[    1.056873] Initialise system trusted keyrings
[    1.056890] Key type blacklist registered
[    1.056957] workingset: timestamp_bits=36 max_order=18 bucket_order=0
[    1.058321] zbud: loaded
[    1.058932] squashfs: version 4.0 (2009/01/31) Phillip Lougher
[    1.059133] fuse init (API version 7.26)
[    1.060451] Key type asymmetric registered
[    1.060452] Asymmetric key parser 'x509' registered
[    1.061630] Block layer SCSI generic (bsg) driver version 0.4 loaded (major 246)
[    1.061774] io scheduler noop registered
[    1.061774] io scheduler deadline registered
[    1.061815] io scheduler cfq registered (default)
[   1.220668] ACPI: AC Adaper AC]online)

[   190127] input: Power Button as /devices/LNXSYSTM:00/LNXPWRBN:00/input/input0

[    1.48075] PI: Power Button [PWRF]

[    1.623495] input: Sleep Button as /devices/LNXSYSTM:00/LNXSLPBN:00/input/input1
[    1.627057] ACPI: Sleep Button [SLPF]
[    1.632407] ACPI: Battery Slot [BAT0] (battery present)
[    1.635957] Serial: 8250/16550 driver, 32 ports, IRQ sharing enabled
[    1.661821] 00:02: ttyS0 at I/O 0x3f8 (irq = 4, base_baud = 115200) is a 16550A
[    1.677443] Linux agpgart interface v0.103
[    1.687683] loop: module loaded
[    1.691498] scsi host0: ata_piix
[    1.694711] scsi host1: ata_piix
[    1.696973] ata1: PATA max UDMA/33 cmd 0x1f0 ctl 0x3f6 bmdma 0xd000 irq 14
[    1.700540] ata2: PATA max UDMA/33 cmd 0x170 ctl 0x376 bmdma 0xd008 irq 15
[    1.718881] libphy: Fixed MDIO Bus: probed
[    1.721127] tun: Universal TUN/TAP device driver, 1.6
[    1.725914] PPP generic driver version 2.4.2
[    1.729807] ehci_hcd: USB 2.0 'Enhanced' Host Controller (EHCI) Driver
[    1.732874] ehci-pci: EHCI PCI platform driver
[    1.735366] ehci-platform: EHCI generic platform driver
[    1.736547] ohci_hcd: USB 1.1 'Open' Host Controller (OHCI) Driver
[    1.743659] ohci-pci: OHCI PCI platform driver
[    1.746280] ohci-platform: OHCI generic platform driver
[    1.753399] uhci_hcd: USB Universal Host Controller Interface driver
[    1.766449] i8042: PNP: PS/2 Controller [PNP0303:PS2K,PNP0f03:PS2M] at 0x60,0x64 irq 1,12
[    1.774455] serio: i8042 KBD port at 0x60,0x64 irq 1
[    1.777077] serio: i8042 AUX port at 0x60,0x64 irq 12
[    1.785933] mousedev: PS/2 mouse device common for all mice
[    1.797223] rtc_cmos rtc_cmos: rtc core: registered rtc_cmos as rtc0
[    1.805553] input: AT Translated Set 2 keyboard as /devices/platform/i8042/serio0/input/input2
[    1.824712] rtc_cmos rtc_cmos: alarms up to one day, 114 bytes nvram
[    1.833246] i2c /dev entries driver
[    1.834401] pcie_mp2_amd: AMD(R) PCI-E MP2 Communication Driver Version: 1.0
[    1.841785] device-mapper: uevent: version 1.0.3
[    1.844958] device-mapper: ioctl: 4.37.0-ioctl (2017-09-20) initialised: dm-devel@redhat.com
[    1.852595] ledtrig-cpu: registered to indicate activity on CPUs
[    1.859971] NET: Registered protocol family 10
[    1.896878] Segment Routing with IPv6
[    1.899250] NET: Registered protocol family 17
[    1.930062] Key type dns_resolver registered
[    1.931896] RAS: Correctable Errors collector initialized.
[    1.958234] sched_clock: Marking stable (1957463428, 0)->(5066786453, -3109323025)
[    1.965069] registered taskstats version 1
[    1.970075] Loading compiled-in X.509 certificates
[    1.995811] Loaded X.509 cert 'Build time autogenerated kernel key: e3b8f44ffaaceef3e3a84cfaebd8e5a9acebeaad'
[    2.006718] zswap: loaded using pool lzo/zbud
[    2.028267] Key type big_key registered
[    2.030851] Key type trusted registered
[    2.038957] Key type encrypted registered
[    2.042674] AppArmor: AppArmor sha1 policy hashing enabled
[    2.046539] ima: No TPM chip found, activating TPM-bypass! (rc=-19)
[    2.050476] ima: Allocated hash algorithm: sha1
[    2.053418] evm: HMAC attrs: 0x1
[    2.055965]   Magic number: 11:40:234
[    2.058746] rtc_cmos rtc_cmos: setting system clock to 2019-03-04 15:13:31 UTC (1551712411)
[    2.066906] BIOS EDD facility v0.16 2004-Jun-25, 0 devices found
[    2.070197] EDD information not available.
[    2.081171] Freeing unused kernel memory: 2408K
[    2.115445] Write protecting the kernel read-only data: 20480k
[    2.119913] Freeing unused kernel memory: 2008K
[    2.139607] Freeing unused kernel memory: 1892K
[    2.167122] x86/mm: Checked W+X mappings: passed, no W+X pages found.
Loading, please wait...
starting version 237
[    2.357664] e1000: Intel(R) PRO/1000 Network Driver - version 7.3.21-k8-NAPI
[    2.367503] e1000: Copyright (c) 1999-2006 Intel Corporation.
[    2.374552] Fusion MPT base driver 3.04.20
[    2.466525] Copyright (c) 1999-2008 LSI Corporation
[    2.636123] Fusion MPT SPI Host driver 3.04.20
[    2.701976] AVX2 version of gcm_enc/dec engaged.
[    2.749659] AES CTR mode by8 optimization enabled
[    2.807570] input: ImExPS/2 Generic Explorer Mouse as /devices/platform/i8042/serio1/input/input4
[    3.054519] e1000 0000:00:03.0 eth0: (PCI:33MHz:32-bit) 02:28:d9:ae:eb:85
[    3.057610] e1000 0000:00:03.0 eth0: Intel(R) PRO/1000 Network Connection
[    3.124059] mptbase: ioc0: Initiating bringup
[    3.138344] e1000 0000:00:03.0 enp0s3: renamed from eth0
[    3.220418] ioc0: LSI53C1030 A0: Capabilities={Initiator}
[    3.467681] scsi host2: ioc0: LSI53C1030 A0, FwRev=00000000h, Ports=1, MaxQ=256, IRQ=20
[    5.208745] scsi 2:0:0:0: Direct-Access     VBOX     HARDDISK         1.0  PQ: 0 ANSI: 5
[    5.255460] scsi target2:0:0: Beginning Domain Validation
[    5.258990] scsi target2:0:0: Domain Validation skipping write tests
[    5.501087] scsi target2:0:0: Ending Domain Validation
[    5.510077] scsi target2:0:0: asynchronous
[    5.512488] random: fast init done
[    6.118839] scsi 2:0:1:0: Direct-Access     VBOX     HARDDISK         1.0  PQ: 0 ANSI: 5
[    6.260607] scsi target2:0:1: Beginning Domain Validation
[    6.286708] scsi target2:0:1: Domain Validation skipping write tests
[    6.289952] scsi target2:0:1: Ending Domain Validation
[    6.530448] scsi target2:0:1: asynchronous
[    6.535774] random: systemd-udevd: uninitialized urandom read (16 bytes read)
[    6.536126] sd 2:0:0:0: [sda] 20971520 512-byte logical blocks: (10.7 GB/10.0 GiB)
[    6.536183] sd 2:0:0:0: [sda] Write Protect is off
[    6.536297] sd 2:0:0:0: [sda] Incomplete mode parameter data
[    6.536299] sd 2:0:0:0: [sda] Assuming drive cache: write through
[    6.561524] random: systemd-udevd: uninitialized urandom read (16 bytes read)
[    6.561651] sd 2:0:0:0: Attached scsi generic sg0 type 0
[    6.562384]  sda: sda1
[    6.562961] sd 2:0:0:0: [sda] Attached SCSI disk
[    6.563248] sd 2:0:1:0: [sdb] 20480 512-byte logical blocks: (10.5 MB/10.0 MiB)
[    6.563291] sd 2:0:1:0: [sdb] Write Protect is off
[    6.563381] sd 2:0:1:0: [sdb] Incomplete mode parameter data
[    6.563383] sd 2:0:1:0: [sdb] Assuming drive cache: write through
[    6.563662] sd 2:0:1:0: Attached scsi generic sg1 type 0
[    6.596755] random: systemd-udevd: uninitialized urandom read (16 bytes read)
[    6.607498] sd 2:0:1:0: [sdb] Attached SCSI disk
Begin: Loading essential drivers ... [    8.341469] raid6: sse2x1   gen()  6521 MB/s
[    8.392021] raid6: sse2x1   xor()  4399 MB/s
[    8.452985] raid6: sse2x2   gen()  4222 MB/s
[    8.504104] raid6: sse2x2   xor()  5048 MB/s
[    8.552381] raid6: sse2x4   gen()  3465 MB/s
[    8.600059] raid6: sse2x4   xor()  3530 MB/s
[    8.672078] raid6: avx2x1   gen()  6757 MB/s
[    8.740037] raid6: avx2x1   xor()  6190 MB/s
[    8.796032] raid6: avx2x2   gen()  9646 MB/s
[    8.864033] raid6: avx2x2   xor()  7119 MB/s
[    8.948031] raid6: avx2x4   gen()  4568 MB/s
[    9.004038] raid6: avx2x4   xor()  5011 MB/s
[    9.016650] raid6: using algorithm avx2x2 gen() 9646 MB/s
[    9.033949] raid6: .... xor() 7119 MB/s, rmw enabled
[    9.035778] raid6: using avx2x2 recovery algorithm
[    9.039062] xor: automatically using best checksumming function   avx       
[    9.049477] async_tx: api initialized (async)
done.
Begin: Running /scripts/init-premount ... done.
Begin: Mounting root file system ... Begin: Running /scripts/local-top ... done.
Begin: Running /scripts/local-premount ... [    9.128159] Btrfs loaded, crc32c=crc32c-intel
Scanning for Btrfs filesystems
done.
Warning: fsck not present, so skipping root file system
[    9.233018] EXT4-fs (sda1): mounted filesystem with ordered data mode. Opts: (null)
done.
Begin: Running /scripts/local-bottom ... done.
Begin: Running /scripts/init-bottom ... done.
[   11.419604] random: crng init done
[   11.422065] random: 7 urandom warning(s) missed due to ratelimiting
[   12.020811] ip_tables: (C) 2000-2006 Netfilter Core Team
[   12.226370] systemd[1]: systemd 237 running in system mode. (+PAM +AUDIT +SELINUX +IMA +APPARMOR +SMACK +SYSVINIT +UTMP +LIBCRYPTSETUP +GCRYPT +GNUTLS +ACL +XZ +LZ4 +SECCOMP +BLKID +ELFUTILS +KMOD -IDN2 +IDN -PCRE2 default-hierarchy=hybrid)
[   12.844631] systemd[1]: Detected virtualization oracle.
[   12.847843] systemd[1]: Detected architecture x86-64.

Welcome to [1mUbuntu 18.04.2 LTS[0m!

[   12.932818] systemd[1]: Set hostname to <ubuntu-bionic>.
[   16.086935] systemd[1]: Created slice User and Session Slice.
[[0;32m  OK  [0m] Created slice User and Session Slice.
[   16.123189] systemd[1]: Reached target System Time Synchronized.
[[0;32m  OK  [0m] Reached target System Time Synchronized.
[   16.130097] systemd[1]: Set up automount Arbitrary Executable File Formats File System Automount Point.
[[0;32m  OK  [0m] Set up automount Arbitrary Executabâ€¦rmats File System Automount Point.
[   16.148699] systemd[1]: Started Forward Password Requests to Wall Directory Watch.
[[0;32m  OK  [0m] Started Forward Password Requests to Wall Directory Watch.
[   16.165728] systemd[1]: Reached target User and Group Name Lookups.
[[0;32m  OK  [0m] Reached target User and Group Name Lookups.
[   16.180653] systemd[1]: Reached target Swap.
[[0;32m  OK  [0m] Reached target Swap.
[[0;32m  OK  [0m] Created slice System Slice.
[[0;32m  OK  [0m] Listening on Network Service Netlink Socket.
[[0;32m  OK  [0m] Created slice system-serial\x2dgetty.slice.
[[0;32m  OK  [0m] Listening on Journal Socket (/dev/log).
[[0;32m  OK  [0m] Listening on udev Control Socket.
[[0;32m  OK  [0m] Listening on LVM2 metadata daemon socket.
[[0;32m  OK  [0m] Listening on udev Kernel Socket.
[[0;32m  OK  [0m] Listening on LVM2 poll daemon socket.
[[0;32m  OK  [0m] Listening on Device-mapper event daemon FIFOs.
[[0;32m  OK  [0m] Reached target Slices.
[[0;32m  OK  [0m] Listening on Syslog Socket.
[[0;32m  OK  [0m] Listening on /dev/initctl Compatibility Named Pipe.
[[0;32m  OK  [0m] Listening on Journal Audit Socket.
[[0;32m  OK  [0m] Listening on Journal Socket.
         Mounting Kernel Debug File System...
         Starting Journal Service...
         Starting Remount Root and Kernel File Systems...
         Starting Create list of required stâ€¦ce nodes for the current kernel...
         Starting Monitoring of LVM2 mirrorsâ€¦ng dmeventd or progress polling...
         Starting Load Kernel Modules...
         Mounting Huge Pages File System...
         Starting udev Coldplug all Devices...
         Mounting POSIX Message Queue File System...
         Starting Set the console keyboard layout...
         Starting Uncomplicated firewall...
[[0;32m  OK  [0m] Started Journal Service.
[[0;32m  OK  [0m] Started Create list of required staâ€¦vice nodes for the current kernel.
         Starting Create Static Device Nodes in /dev...
[[0;32m  OK  [0m] Started Uncomplicated firewall.
[[0;32m  OK  [0m] Started udev Coldplug all Devices.
[   17.247448] Loading iSCSI transport class v2.0-870.
[[0;32m  OK  [0m] Started Create Static Device Nodes in /dev.
[   17.410259] iscsi: registered transport (tcp)
[   17.542846] iscsi: registered transport (iser)
[[0;32m  OK  [0m] Started Load Kernel Modules.
         Mounting Kernel Configuration File System...
         Mounting FUSE Control File System...
         Starting Apply Kernel Variables...
[[0;32m  OK  [0m] Started Apply Kernel Variables.
[[0;32m  OK  [0m] Mounted Kernel Debug File System.
[[0;32m  OK  [0m] Mounted Huge Pages File System.
[[0;32m  OK  [0m] Mounted POSIX Message Queue File System.
[[0;32m  OK  [0m] Mounted Kernel Configuration File System.
[[0;32m  OK  [0m] Mounted FUSE Control File System.
[[0;32m  OK  [0m] Started LVM2 metadata daemon.
[[0;32m  OK  [0m] Started Remount Root and Kernel File Systems.
         Starting udev Kernel Device Manager...
         Starting Initial cloud-init job (pre-networking)...
         Starting Flush Journal to Persistent Storage...
         Starting Load/Save Random Seed...
[[0;32m  OK  [0m] Started Monitoring of LVM2 mirrors,â€¦sing dmeventd or progress polling.
[[0;32m  OK  [0m] Started Set the console keyboard layout.
[[0;32m  OK  [0m] Reached target Local File Systems (Pre).
[[0;32m  OK  [0m] Reached target Local File Systems.
         Starting AppArmor initialization...
         Starting Set console font and keymap...
         Starting Tell Plymouth To Write Out Runtime Data...
         Starting ebtables ruleset management...
[[0;32m  OK  [0m] Started Load/Save Random Seed.
[[0;32m  OK  [0m] Started Tell Plymouth To Write Out Runtime Data.
[[0;32m  OK  [0m] Started Set console font and keymap.
[[0;32m  OK  [0m] Started udev Kernel Device Manager.
[[0;32m  OK  [0m] Started Dispatch Password Requests to Console Directory Watch.
[[0;32m  OK  [0m] Reached target Local Encrypted Volumes.
[[0;32m  OK  [0m] Found device /dev/ttyS0.
[[0;32m  OK  [0m] Started ebtables ruleset management.
[[0;32m  OK  [0m] Started Flush Journal to Persistent Storage.
[[0;32m  OK  [0m] Listening on Load/Save RF Kill Switch Status /dev/rfkill Watch.
         Starting Create Volatile Files and Directories...
[[0;32m  OK  [0m] Started Create Volatile Files and Directories.
         Starting Update UTMP about System Boot/Shutdown...
[[0;32m  OK  [0m] Started Update UTMP about System Boot/Shutdown.
[[0;32m  OK  [0m] Started AppArmor initialization.
[   25.232812] cloud-init[421]: Cloud-init v. 18.4-0ubuntu1~18.04.1 running 'init-local' at Mon, 04 Mar 2019 15:13:53 +0000. Up 24.44 seconds.
[[0;32m  OK  [0m] Started Initial cloud-init job (pre-networking).
[[0;32m  OK  [0m] Reached target Network (Pre).
         Starting Network Service...
[[0;32m  OK  [0m] Started Network Service.
         Starting Network Name Resolution...
         Starting Wait for Network to be Configured...
[[0;32m  OK  [0m] Started Network Name Resolution.
[[0;32m  OK  [0m] Reached target Network.
[[0;32m  OK  [0m] Reached target Host and Network Name Lookups.
[[0;32m  OK  [0m] Started Wait for Network to be Configured.
         Starting Initial cloud-init job (metadata service crawler)...
[   28.086698] cloud-init[663]: Cloud-init v. 18.4-0ubuntu1~18.04.1 running 'init' at Mon, 04 Mar 2019 15:13:57 +0000. Up 27.74 seconds.
[   28.120750] cloud-init[663]: ci-info: ++++++++++++++++++++++++++++++++++++++Net device info++++++++++++++++++++++++++++++++++++++
[   28.164708] cloud-init[663]: ci-info: +--------+------+----------------------------+---------------+--------+-------------------+
[   28.197370] cloud-init[663]: ci-info: | Device |  Up  |          Address           |      Mask     | Scope  |     Hw-Address    |
[   28.203195] cloud-init[663]: ci-info: +--------+------+----------------------------+---------------+--------+-------------------+
[   28.208346] cloud-init[663]: ci-info: | enp0s3 | True |         10.0.2.15          | 255.255.255.0 | global | 02:28:d9:ae:eb:85 |
[   28.212723] cloud-init[663]: ci-info: | enp0s3 | True | fe80::28:d9ff:feae:eb85/64 |       .       |  link  | 02:28:d9:ae:eb:85 |
[   28.217433] cloud-init[663]: ci-info: |   lo   | True |         127.0.0.1          |   255.0.0.0   |  host  |         .         |
[   28.221755] cloud-init[663]: ci-info: |   lo   | True |          ::1/128           |       .       |  host  |         .         |
[   28.226604] cloud-init[663]: ci-info: +--------+------+----------------------------+---------------+--------+-------------------+
[   28.231503] cloud-init[663]: ci-info: ++++++++++++++++++++++++++++Route IPv4 info+++++++++++++++++++++++++++++
[   28.237373] cloud-init[663]: ci-info: +-------+-------------+----------+-----------------+-----------+-------+
[   28.242493] cloud-init[663]: ci-info: | Route | Destination | Gateway  |     Genmask     | Interface | Flags |
[   28.246819] cloud-init[663]: ci-info: +-------+-------------+----------+-----------------+-----------+-------+
[   28.252902] cloud-init[663]: ci-info: |   0   |   0.0.0.0   | 10.0.2.2 |     0.0.0.0     |   enp0s3  |   UG  |
[   28.258549] cloud-init[663]: ci-info: |   1   |   10.0.2.0  | 0.0.0.0  |  255.255.255.0  |   enp0s3  |   U   |
[   28.316258] cloud-init[663]: ci-info: |   2   |   10.0.2.2  | 0.0.0.0  | 255.255.255.255 |   enp0s3  |   UH  |
[   28.323250] cloud-init[663]: ci-info: +-------+-------------+----------+-----------------+-----------+-------+
[   28.329542] cloud-init[663]: ci-info: +++++++++++++++++++Route IPv6 info+++++++++++++++++++
[   28.334030] cloud-init[663]: ci-info: +-------+-------------+---------+-----------+-------+
[   28.338200] cloud-init[663]: ci-info: | Route | Destination | Gateway | Interface | Flags |
[   28.356921] cloud-init[663]: ci-info: +-------+-------------+---------+-----------+-------+
[   28.383344] cloud-init[663]: ci-info: |   1   |  fe80::/64  |    ::   |   enp0s3  |   U   |
[   28.395782] cloud-init[663]: ci-info: |   3   |    local    |    ::   |   enp0s3  |   U   |
[   28.407247] cloud-init[663]: ci-info: |   4   |   ff00::/8  |    ::   |   enp0s3  |   U   |
[   28.426341] cloud-init[663]: ci-info: +-------+-------------+---------+-----------+-------+
[[0;32m  OK  [0m] Started Initial cloud-init job (metadata service crawler).
[[0;32m  OK  [0m] Reached target System Initialization.
[[0;32m  OK  [0m] Started ACPI Events Check.
[[0;32m  OK  [0m] Started Message of the Day.
         Starting Socket activation for snappy daemon.
[[0;32m  OK  [0m] Started Daily apt download activities.
[[0;32m  OK  [0m] Started Discard unused blocks once a week.
[[0;32m  OK  [0m] Started Daily apt upgrade and clean activities.
[[0;32m  OK  [0m] Started Clean PHP session files every 30 mins.
[[0;32m  OK  [0m] Reached target Paths.
[[0;32m  OK  [0m] Started Daily Cleanup of Temporary Directories.
[[0;32m  OK  [0m] Reached target Timers.
[[0;32m  OK  [0m] Listening on Open-iSCSI iscsid Socket.
[[0;32m  OK  [0m] Listening on D-Bus System Message Bus Socket.
[[0;32m  OK  [0m] Listening on ACPID Listen Socket.
         Starting LXD - unix socket.
[[0;32m  OK  [0m] Listening on UUID daemon activation socket.
[[0;32m  OK  [0m] Reached target Cloud-config availability.
[[0;32m  OK  [0m] Reached target Network is Online.
         Starting Availability of block devices...
[[0;32m  OK  [0m] Reached target Remote File Systems (Pre).
[[0;32m  OK  [0m] Reached target Remote File Systems.
[[0;32m  OK  [0m] Listening on Socket activation for snappy daemon.
[[0;32m  OK  [0m] Listening on LXD - unix socket.
[[0;32m  OK  [0m] Started Availability of block devices.
[[0;32m  OK  [0m] Reached target Sockets.
[[0;32m  OK  [0m] Reached target Basic System.
         Starting LSB: Record successful boot for GRUB...
         Starting Clean php session files...
         Starting Discard unused blocks...
[[0;32m  OK  [0m] Started Deferred execution scheduler.
         Starting OpenBSD Secure Shell server...
         Starting Virtualbox guest utils...
         Starting LXD - container startup/shutdown...
         Starting Dispatcher daemon for systemd-networkd...
         Starting System Logging Service...
         Starting MariaDB 10.3.12 database server...
         Starting The Apache HTTP Server...
[[0;32m  OK  [0m] Started D-Bus System Message Bus.
[[0;32m  OK  [0m] Started FUSE filesystem for LXC.
         Starting LSB: automatic crash report generation...
         Starting Login Service...
         Starting Permit User Sessions...
[[0;32m  OK  [0m] Started irqbalance daemon.
[[0;32m  OK  [0m] Started Regular background program processing daemon.
         Starting Accounts Service...
         Starting Snappy daemon...
[[0;32m  OK  [0m] Started System Logging Service.
[[0;32m  OK  [0m] Started Dispatcher daemon for systemd-networkd.
[[0;32m  OK  [0m] Started Discard unused blocks.
[[0;32m  OK  [0m] Started Permit User Sessions.
[[0;32m  OK  [0m] Started Login Service.
[[0;32m  OK  [0m] Started OpenBSD Secure Shell server.
[[0;32m  OK  [0m] Started Unattended Upgrades Shutdown.
         Starting Hold until boot process finishes up...
         Starting Terminate Plymouth Boot Screen...
[[0;32m  OK  [0m] Started Terminate Plymouth Boot Screen.
[[0;32m  OK  [0m] Started Hold until boot process finishes up.
         Starting Set console scheme...
[[0;32m  OK  [0m] Started Serial Getty on ttyS0.
[[0;32m  OK  [0m] Started LSB: automatic crash report generation.
[[0;32m  OK  [0m] Started Set console scheme.
[[0;32m  OK  [0m] Created slice system-getty.slice.
[[0;32m  OK  [0m] Started Getty on tty1.
[[0;32m  OK  [0m] Reached target Login Prompts.
[[0;32m  OK  [0m] Started LSB: Record successful boot for GRUB.
         Starting Authorization Manager...
[[0;32m  OK  [0m] Started Virtualbox guest utils.
[[0;32m  OK  [0m] Created slice User Slice of vagrant.
[[0;32m  OK  [0m] Started Authorization Manager.
[[0;32m  OK  [0m] Started Accounts Service.
[[0;32m  OK  [0m] Started Session 1 of user vagrant.
         Starting User Manager for UID 1000...
[[0;32m  OK  [0m] Started The Apache HTTP Server.

Ubuntu 18.04.2 LTS ubuntu-bionic ttyS0

ubuntu-bionic login: [   41.245690] cloud-init[1318]: Cloud-init v. 18.4-0ubuntu1~18.04.1 running 'modules:config' at Mon, 04 Mar 2019 15:14:09 +0000. Up 40.28 seconds.
[   55.383670] cloud-init[1620]: Cloud-init v. 18.4-0ubuntu1~18.04.1 running 'modules:final' at Mon, 04 Mar 2019 15:14:20 +0000. Up 51.01 seconds.
[   55.384240] cloud-init[1620]: Cloud-init v. 18.4-0ubuntu1~18.04.1 finished at Mon, 04 Mar 2019 15:14:24 +0000. Datasource DataSourceNoCloud [seed=/dev/sdb][dsmode=net].  Up 55.33 seconds
